// Jest Snapshot v1, https://goo.gl/fbAQLP

exports[`Rendering basic demo screen renders correctly 1`] = `
<View
  accessible={true}
  focusable={true}
  onClick={[Function]}
  onResponderGrant={[Function]}
  onResponderMove={[Function]}
  onResponderRelease={[Function]}
  onResponderTerminate={[Function]}
  onResponderTerminationRequest={[Function]}
  onStartShouldSetResponder={[Function]}
  style={
    Object {
      "opacity": 1,
    }
  }
>
  <View
    accessibilityIgnoresInvertColors={true}
    style={
      Object {
        "backgroundColor": "rgba(0,0,0,0.6)",
        "height": 1334,
        "width": 750,
      }
    }
  >
    <Image
      source={
        Object {
          "testUri": "../../../assets/images/WelcomeScreen/drawable-hdpi/WelcomeScreen-Background.png",
        }
      }
      style={
        Array [
          Object {
            "bottom": 0,
            "left": 0,
            "position": "absolute",
            "right": 0,
            "top": 0,
          },
          Object {
            "height": 1334,
            "width": 750,
          },
          undefined,
        ]
      }
    />
    <View
      style={
        Object {
          "alignItems": "center",
          "flex": 1,
          "justifyContent": "center",
        }
      }
    >
      <View
        accessibilityIgnoresInvertColors={true}
        style={
          Object {
            "alignItems": "center",
            "height": 135,
            "width": 135,
          }
        }
      >
        <Image
          source={
            Object {
              "testUri": "../../../assets/images/WelcomeScreen/drawable-hdpi/WelcomeScreen-LogoShadow.png",
            }
          }
          style={
            Array [
              Object {
                "bottom": 0,
                "left": 0,
                "position": "absolute",
                "right": 0,
                "top": 0,
              },
              Object {
                "height": 135,
                "width": 135,
              },
              undefined,
            ]
          }
        />
        <Image
          source={
            Object {
              "testUri": "../../../assets/images/WelcomeScreen/WelcomeScreen-Logo.png",
            }
          }
          style={
            Object {
              "borderRadius": 25,
              "height": 110,
              "width": 110,
            }
          }
        />
      </View>
      <Text
        style={
          Object {
            "color": "#F1E5C2",
            "fontFamily": "JosefinSans-Medium",
            "fontSize": 36,
            "marginTop": 40,
          }
        }
      >
        COOKIN TIME
      </Text>
      <Text
        style={
          Object {
            "color": "#F1E5C2",
            "fontFamily": "JosefinSans-Light",
            "fontSize": 20,
            "marginBottom": 80,
          }
        }
      >
        make food wait for you
      </Text>
    </View>
  </View>
</View>
`;
